Ran all test suites matching /__test__\\unit\\HomeViewModel.test.ts/i.
